// Jest Snapshot v1, https://goo.gl/fbAQLP

exports[`matches snapshot 1`] = `
<DocumentFragment>
  <div>
    <form>
      <label
        for="bgColor"
      >
        Background Color: 
      </label>
      <input
        id="bgColor"
        name="bgColor"
        placeholder="background color"
        type="text"
        value=""
      />
      <label
        for="width"
      >
        Width: 
      </label>
      <input
        id="width"
        name="width"
        placeholder="width"
        type="text"
        value=""
      />
      <label
        for="height"
      >
        Height: 
      </label>
      <input
        id="height"
        name="height"
        placeholder="height"
        type="text"
        value=""
      />
      <button>
        Add Box
      </button>
    </form>
  </div>
</DocumentFragment>
`;
