// Jest Snapshot v1, https://goo.gl/fbAQLP

exports[`matches snapshot 1`] = `
<DocumentFragment>
  <li
    class="Todo "
    data-testid="Todo"
  >
    <span
      style="margin-left: 10px;"
    >
      <button>
        Remove me
      </button>
      <button>
        Completed
      </button>
    </span>
  </li>
</DocumentFragment>
`;
